{
    "role": "user",
    "phone": "123456789",
    "name": "Alice",
    "cars": ["kia", "bmw"]
}