Validation error at 'name': missing value for key 'name'