Validation error at 'cars': missing value for key 'cars'