{
    "role": "user",
    "source": "google",
    "name": "Emma",
    "cars": [
        {
            "type": "car",
            "brand": "Toyota",
            "model": "Camry",
            "year": 2022,
            "properties": [
                {
                    "type": "property",
                    "city": "Chicago",
                    "street": "Lake Shore Drive",
                    "owners": [
                        {
                            "type": "owner",
                            "name": "John Doe",
                            "ownership_date": "2022-01-01",
                            "details": {
                                "marital_status": "Married",
                                "pets": [
                                    "Dog",
                                    "Cat"
                                ],
                                "children": [
                                    {
                                        "type": "child",
                                        "name": "Alice",
                                        "birth_date": "2018-05-15"
                                    },
                                    {
                                        "type": "child",
                                        "name": "Bob"
                                    }
                                ]
                            }
                        }
                    ]
                }
            ]
        }
    ],
    "transactions": [
        {
            "type": "transaction",
            "date": "2023-09-30",
            "amount": 15000.5,
            "currency": "USD",
            "description": "Car purchase",
            "related_cars": [
                {
                    "type": "related_car",
                    "brand": "Toyota",
                    "model": "Camry"
                }
            ]
        }
    ]
}