Validation error at 'must_have': list length mismatch for key 'must_have'