Validation error at root: extra key not defined in schema for key 'age'