Validation error at 'phone': expected type <str> for key 'phone'