Validation error at 'role': dict mismatch: schema expects an empty dict but value is not empty for key 'role'