Validation error at 'role': list mismatch: schema expects an empty list but value is not empty for key 'role'