Validation error at 'cars[0].year': expected type <int> for key 'year'