{
    "must_have": [
        "a",
        "b"
    ]
}