Validation error at 'role': expected literal '<?str>' for key 'role'
