Validation error at 'role': missing value for key 'role'