Validation error at 'source': expected literal 'google' for key 'source'
