Validation error at 'must_have': expected literal 'b' for key 'must_have'